<RecipeTree>
  <Item Title="Операторная_1" />
  <Item Title="Е_1" />
  <Item Title="Е_2" />
  <Item Title="Е_3" />
  <Item Title="Е_4" />
  <Item Title="Е_5" />
  <Item Title="Дамовые_газы_П_1" />
  <Item Title="Е_7" />
  <Item Title="Экономайзер" />
  <Item Title="Е_12" />
  <Item Title="ДЭС_200" />
  <Item Title="Перевал_П_1" />
  <Item Title="Зона_реакции_К_1" />
  <Item Title="Низ_К_1" />
  <Item Title="Середина_К_1" />
  <Item Title="Сырьё_в_К_1" />
  <Item Title="Низ_С_1" />
  <Item Title="Верх_С_1" />
  <Item Title="Операторная_2" />
  <Item Title="Топливо_из_Т_3" />
  <Item Title="Масло_из_П_1" />
  <Item Title="Е_10" />
  <Item Title="ХВ_1" />
  <Item Title="П_2" />
  <Item Title="Низ_Е_8_1" />
  <Item Title="Верх_Е_8_1" />
  <Item Title="Низ_Е_8_2" />
  <Item Title="ВерхЕ_8_2" />
  <Item Title="Низ_Е_8_3" />
  <Item Title="Верх_Е_8_3" />
  <Item Title="Низ_Е_8_4" />
  <Item Title="Верх_Е_8_4" />
  <Item Title="Низ_Е_8_5" />
  <Item Title="Верх_Е_8_5" />
  <Item Title="Резерв_1" />
  <Item Title="Резерв_2" />
  <Item Title="Операторная_3" />
  <Item Title="Е_16" />
  <Item Title="Перед_КУ_1" />
  <Item Title="После_КУ_1" />
  <Item Title="Пар_из_КУ_1" />
  <Item Title="Теплофикация" />
  <Item Title="Вода_из_Т_5" />
  <Item Title="Е_15" />
  <Item Title="Масло_1_поток" />
  <Item Title="Масло_2_поток" />
  <Item Title="Масло_3_поток" />
  <Item Title="Масло_4_поток" />
  <Item Title="Е_17_1" />
  <Item Title="Е_17_2" />
  <Item Title="Низ_Р_1_1" />
  <Item Title="Середина_Р_1_1" />
  <Item Title="Низ_Р_1_2" />
  <Item Title="Середина_Р_1_2" />
  <Item Title="Низ_Р_1_3" />
  <Item Title="Середина_Р_1_3" />
</RecipeTree>